// Jest Snapshot v1, https://goo.gl/fbAQLP

exports[`renders Navigation icon 1`] = `
<div>
  <div
    class="navigation"
  >
    <img
      alt="nav icon"
      class="navigation__icon"
      src="threeLines.svg"
    />
  </div>
</div>
`;

exports[`renders nav modal menu 1`] = `
<div>
  <div
    class="navigation navigation-mobile-open"
  >
    <img
      alt="nav icon"
      class="navigation__icon"
      src="threeLines.svg"
    />
    <div
      class="navigation__modal"
    >
      <div
        class="navigation__menu"
      >
        <a
          class="navigation__link active"
          data-testid="nav-link"
          href="/"
        >
          home
        </a>
        <a
          class="navigation__link"
          data-testid="nav-link"
          href="/professional/#main"
        >
          professional
        </a>
        <a
          class="navigation__link"
          data-testid="nav-link"
          href="/personal/#main"
        >
          personal
        </a>
        <a
          class="navigation__link"
          data-testid="nav-link"
          href="/projects/#main"
        >
          projects
        </a>
        <a
          class="navigation__link"
          data-testid="nav-link"
          href="/press/#main"
        >
          press
        </a>
      </div>
    </div>
  </div>
</div>
`;
